// Jest Snapshot v1, https://goo.gl/fbAQLP

exports[`App Should match the snapshot 1`] = `
<div
  className="App"
>
  <Route
    exact={true}
    path="/"
    render={[Function]}
  />
  <Route
    exact={true}
    path="/home"
    render={[Function]}
  />
  <Route
    path="/projects/:id"
    render={[Function]}
  />
</div>
`;
